// Jest Snapshot v1, https://goo.gl/fbAQLP

exports[`sample text  sample text  render 1`] = `ShallowWrapper {}`;
